rm -rf main.o Server.o cleaningUtils.o Client.o processCmd.o Channel.o server_channel.o
rm -rf ircserv
c++ -c main.cpp -o main.o
c++ -c Server.cpp -o Server.o
c++ -c cleaningUtils.cpp -o cleaningUtils.o
c++ -c Client.cpp -o Client.o
c++ -c processCmd.cpp -o processCmd.o
c++ -c Channel.cpp -o Channel.o
c++ -c server_channel.cpp -o server_channel.o
c++ -o ircserv main.o Server.o cleaningUtils.o Client.o processCmd.o Channel.o server_channel.o
/usr/bin/ld: server_channel.o: in function `Server::broadcastToAll(Channel const&, std::__cxx11::basic_string<char, std::char_traits<char>, std::allocator<char> > const&, int)':
server_channel.cpp:(.text+0x175): undefined reference to `Channel::getUserFds() const'
/usr/bin/ld: server_channel.o: in function `Server::joinCommand(int, std::__cxx11::basic_string<char, std::char_traits<char>, std::allocator<char> >, std::__cxx11::basic_string<char, std::char_traits<char>, std::allocator<char> >)':
server_channel.cpp:(.text+0x4e7): undefined reference to `Channel::addUser(int)'
/usr/bin/ld: server_channel.cpp:(.text+0x657): undefined reference to `Channel::addUser(int)'
/usr/bin/ld: server_channel.cpp:(.text+0x7c8): undefined reference to `Server::sendToClient(int, int, std::__cxx11::basic_string<char, std::char_traits<char>, std::allocator<char> > const&)'
/usr/bin/ld: server_channel.cpp:(.text+0x83b): undefined reference to `Server::sendToClient(int, int, std::__cxx11::basic_string<char, std::char_traits<char>, std::allocator<char> > const&)'
/usr/bin/ld: server_channel.cpp:(.text+0x8fa): undefined reference to `Server::sendToClient(int, int, std::__cxx11::basic_string<char, std::char_traits<char>, std::allocator<char> > const&)'
/usr/bin/ld: server_channel.cpp:(.text+0x976): undefined reference to `Server::sendToClient(int, int, std::__cxx11::basic_string<char, std::char_traits<char>, std::allocator<char> > const&)'
collect2: error: ld returned 1 exit status
make: *** [Makefile:23: ircserv] Error 1
